[    7574ms] [INFO] %cDownload the React DevTools for a better development experience: https://reactjs.org/link/react-devtools font-weight:bold @ http://localhost:3000/static/js/bundle.js:157094
[   10971ms] [WARNING] [cloud-relay-host] background poll skipped Error: Electron API is not available
    at requireApi (http://localhost:3000/static/js/bundle.js:21134:62)
    at getRuntimeConfig (http://localhost:3000/static/js/bundle.js:21138:10)
    at runHostCloudLoop (http://localhost:3000/static/js/bundle.js:172:110)
    at http://localhost:3000/static/js/bundle.js:180:5
    at commitHookEffectListMount (http://localhost:3000/static/js/bundle.js:151389:30)
    at commitPassiveMountOnFiber (http://localhost:3000/static/js/bundle.js:152882:17)
    at commitPassiveMountEffects_complete (http://localhost:3000/static/js/bundle.js:152854:13)
    at commitPassiveMountEffects_begin (http://localhost:3000/static/js/bundle.js:152844:11)
    at commitPassiveMountEffects (http://localhost:3000/static/js/bundle.js:152834:7)
    at flushPassiveEffectsImpl (http://localhost:3000/static/js/bundle.js:154717:7) @ http://localhost:3000/static/js/bundle.js:176
[   10975ms] [LOG] Database service loaded successfully @ http://localhost:3000/static/js/bundle.js:157
[   48337ms] [INFO] %cDownload the React DevTools for a better development experience: https://reactjs.org/link/react-devtools font-weight:bold @ http://localhost:3000/static/js/bundle.js:157094
[   48572ms] [WARNING] [cloud-relay-host] background poll skipped Error: Electron API is not available
    at requireApi (http://localhost:3000/static/js/bundle.js:21134:62)
    at getRuntimeConfig (http://localhost:3000/static/js/bundle.js:21138:10)
    at runHostCloudLoop (http://localhost:3000/static/js/bundle.js:172:110)
    at http://localhost:3000/static/js/bundle.js:180:5
    at commitHookEffectListMount (http://localhost:3000/static/js/bundle.js:151389:30)
    at commitPassiveMountOnFiber (http://localhost:3000/static/js/bundle.js:152882:17)
    at commitPassiveMountEffects_complete (http://localhost:3000/static/js/bundle.js:152854:13)
    at commitPassiveMountEffects_begin (http://localhost:3000/static/js/bundle.js:152844:11)
    at commitPassiveMountEffects (http://localhost:3000/static/js/bundle.js:152834:7)
    at flushPassiveEffectsImpl (http://localhost:3000/static/js/bundle.js:154717:7) @ http://localhost:3000/static/js/bundle.js:176
[   48573ms] [LOG] Database service loaded successfully @ http://localhost:3000/static/js/bundle.js:157
[  108575ms] [WARNING] [cloud-relay-host] background poll skipped Error: Electron API is not available
    at requireApi (http://localhost:3000/static/js/bundle.js:21134:62)
    at getRuntimeConfig (http://localhost:3000/static/js/bundle.js:21138:10)
    at runHostCloudLoop (http://localhost:3000/static/js/bundle.js:172:110) @ http://localhost:3000/static/js/bundle.js:176
[  113743ms] [ERROR] Warning: [antd: Input] `addonBefore` is deprecated. Please use `Space.Compact` instead. @ http://localhost:3000/static/js/bundle.js:129099
[  114254ms] [ERROR] Loading the image 'question-asset://qa-image.png' violates the following Content Security Policy directive: "img-src 'self' data: https:". The action has been blocked. @ http://localhost:3000/:0
[  114255ms] [ERROR] Loading the image 'question-asset://qa-image.png' violates the following Content Security Policy directive: "img-src 'self' data: https:". The action has been blocked. @ http://localhost:3000/:0
[  168575ms] [WARNING] [cloud-relay-host] background poll skipped Error: Electron API is not available
    at requireApi (http://localhost:3000/static/js/bundle.js:21134:62)
    at getRuntimeConfig (http://localhost:3000/static/js/bundle.js:21138:10)
    at runHostCloudLoop (http://localhost:3000/static/js/bundle.js:172:110) @ http://localhost:3000/static/js/bundle.js:176
[  228578ms] [WARNING] [cloud-relay-host] background poll skipped Error: Electron API is not available
    at requireApi (http://localhost:3000/static/js/bundle.js:21134:62)
    at getRuntimeConfig (http://localhost:3000/static/js/bundle.js:21138:10)
    at runHostCloudLoop (http://localhost:3000/static/js/bundle.js:172:110) @ http://localhost:3000/static/js/bundle.js:176
[  288578ms] [WARNING] [cloud-relay-host] background poll skipped Error: Electron API is not available
    at requireApi (http://localhost:3000/static/js/bundle.js:21134:62)
    at getRuntimeConfig (http://localhost:3000/static/js/bundle.js:21138:10)
    at runHostCloudLoop (http://localhost:3000/static/js/bundle.js:172:110) @ http://localhost:3000/static/js/bundle.js:176
[  348576ms] [WARNING] [cloud-relay-host] background poll skipped Error: Electron API is not available
    at requireApi (http://localhost:3000/static/js/bundle.js:21134:62)
    at getRuntimeConfig (http://localhost:3000/static/js/bundle.js:21138:10)
    at runHostCloudLoop (http://localhost:3000/static/js/bundle.js:172:110) @ http://localhost:3000/static/js/bundle.js:176
[  408604ms] [WARNING] [cloud-relay-host] background poll skipped Error: Electron API is not available
    at requireApi (http://localhost:3000/static/js/bundle.js:21134:62)
    at getRuntimeConfig (http://localhost:3000/static/js/bundle.js:21138:10)
    at runHostCloudLoop (http://localhost:3000/static/js/bundle.js:172:110) @ http://localhost:3000/static/js/bundle.js:176
[  468583ms] [WARNING] [cloud-relay-host] background poll skipped Error: Electron API is not available
    at requireApi (http://localhost:3000/static/js/bundle.js:21134:62)
    at getRuntimeConfig (http://localhost:3000/static/js/bundle.js:21138:10)
    at runHostCloudLoop (http://localhost:3000/static/js/bundle.js:172:110) @ http://localhost:3000/static/js/bundle.js:176
[  528587ms] [WARNING] [cloud-relay-host] background poll skipped Error: Electron API is not available
    at requireApi (http://localhost:3000/static/js/bundle.js:21134:62)
    at getRuntimeConfig (http://localhost:3000/static/js/bundle.js:21138:10)
    at runHostCloudLoop (http://localhost:3000/static/js/bundle.js:172:110) @ http://localhost:3000/static/js/bundle.js:176
[  588593ms] [WARNING] [cloud-relay-host] background poll skipped Error: Electron API is not available
    at requireApi (http://localhost:3000/static/js/bundle.js:21134:62)
    at getRuntimeConfig (http://localhost:3000/static/js/bundle.js:21138:10)
    at runHostCloudLoop (http://localhost:3000/static/js/bundle.js:172:110) @ http://localhost:3000/static/js/bundle.js:176
[  648591ms] [WARNING] [cloud-relay-host] background poll skipped Error: Electron API is not available
    at requireApi (http://localhost:3000/static/js/bundle.js:21134:62)
    at getRuntimeConfig (http://localhost:3000/static/js/bundle.js:21138:10)
    at runHostCloudLoop (http://localhost:3000/static/js/bundle.js:172:110) @ http://localhost:3000/static/js/bundle.js:176
[  708586ms] [WARNING] [cloud-relay-host] background poll skipped Error: Electron API is not available
    at requireApi (http://localhost:3000/static/js/bundle.js:21134:62)
    at getRuntimeConfig (http://localhost:3000/static/js/bundle.js:21138:10)
    at runHostCloudLoop (http://localhost:3000/static/js/bundle.js:172:110) @ http://localhost:3000/static/js/bundle.js:176
[  768595ms] [WARNING] [cloud-relay-host] background poll skipped Error: Electron API is not available
    at requireApi (http://localhost:3000/static/js/bundle.js:21134:62)
    at getRuntimeConfig (http://localhost:3000/static/js/bundle.js:21138:10)
    at runHostCloudLoop (http://localhost:3000/static/js/bundle.js:172:110) @ http://localhost:3000/static/js/bundle.js:176
