[    1397ms] [INFO] %cDownload the React DevTools for a better development experience: https://reactjs.org/link/react-devtools font-weight:bold @ http://localhost:3000/static/js/bundle.js:157094
[    2016ms] [WARNING] [cloud-relay-host] background poll skipped Error: Electron API is not available
    at requireApi (http://localhost:3000/static/js/bundle.js:21134:62)
    at getRuntimeConfig (http://localhost:3000/static/js/bundle.js:21138:10)
    at runHostCloudLoop (http://localhost:3000/static/js/bundle.js:172:110)
    at http://localhost:3000/static/js/bundle.js:180:5
    at commitHookEffectListMount (http://localhost:3000/static/js/bundle.js:151389:30)
    at commitPassiveMountOnFiber (http://localhost:3000/static/js/bundle.js:152882:17)
    at commitPassiveMountEffects_complete (http://localhost:3000/static/js/bundle.js:152854:13)
    at commitPassiveMountEffects_begin (http://localhost:3000/static/js/bundle.js:152844:11)
    at commitPassiveMountEffects (http://localhost:3000/static/js/bundle.js:152834:7)
    at flushPassiveEffectsImpl (http://localhost:3000/static/js/bundle.js:154717:7) @ http://localhost:3000/static/js/bundle.js:176
[    2017ms] [LOG] Database service loaded successfully @ http://localhost:3000/static/js/bundle.js:157
[    4364ms] [ERROR] Failed to load resource: net::ERR_CONNECTION_REFUSED @ http://localhost:3001/api/question-bank/questions?limit=1000:0
[   62010ms] [WARNING] [cloud-relay-host] background poll skipped Error: Electron API is not available
    at requireApi (http://localhost:3000/static/js/bundle.js:21134:62)
    at getRuntimeConfig (http://localhost:3000/static/js/bundle.js:21138:10)
    at runHostCloudLoop (http://localhost:3000/static/js/bundle.js:172:110) @ http://localhost:3000/static/js/bundle.js:176
[  122026ms] [WARNING] [cloud-relay-host] background poll skipped Error: Electron API is not available
    at requireApi (http://localhost:3000/static/js/bundle.js:21134:62)
    at getRuntimeConfig (http://localhost:3000/static/js/bundle.js:21138:10)
    at runHostCloudLoop (http://localhost:3000/static/js/bundle.js:172:110) @ http://localhost:3000/static/js/bundle.js:176
[  170140ms] [INFO] %cDownload the React DevTools for a better development experience: https://reactjs.org/link/react-devtools font-weight:bold @ http://localhost:3000/static/js/bundle.js:157094
[  172327ms] [WARNING] [cloud-relay-host] background poll skipped Error: Electron API is not available
    at requireApi (http://localhost:3000/static/js/bundle.js:21134:62)
    at getRuntimeConfig (http://localhost:3000/static/js/bundle.js:21138:10)
    at runHostCloudLoop (http://localhost:3000/static/js/bundle.js:172:110)
    at http://localhost:3000/static/js/bundle.js:180:5
    at commitHookEffectListMount (http://localhost:3000/static/js/bundle.js:151389:30)
    at commitPassiveMountOnFiber (http://localhost:3000/static/js/bundle.js:152882:17)
    at commitPassiveMountEffects_complete (http://localhost:3000/static/js/bundle.js:152854:13)
    at commitPassiveMountEffects_begin (http://localhost:3000/static/js/bundle.js:152844:11)
    at commitPassiveMountEffects (http://localhost:3000/static/js/bundle.js:152834:7)
    at flushPassiveEffectsImpl (http://localhost:3000/static/js/bundle.js:154717:7) @ http://localhost:3000/static/js/bundle.js:176
[  172329ms] [LOG] Database service loaded successfully @ http://localhost:3000/static/js/bundle.js:157
[  174654ms] [ERROR] Failed to load resource: net::ERR_CONNECTION_REFUSED @ http://localhost:3001/api/question-bank/questions?limit=1000:0
[  187067ms] NotFoundError: Failed to execute 'transaction' on 'IDBDatabase': One of the specified object stores was not found.
    at getCachedQuestionTree (http://localhost:3000/static/js/bundle.js:20613:41)
    at async http://localhost:3000/static/js/src_pages_QuestionBankEdit_tsx.chunk.js:226:29
[  232305ms] [WARNING] [cloud-relay-host] background poll skipped Error: Electron API is not available
    at requireApi (http://localhost:3000/static/js/bundle.js:21134:62)
    at getRuntimeConfig (http://localhost:3000/static/js/bundle.js:21138:10)
    at runHostCloudLoop (http://localhost:3000/static/js/bundle.js:172:110) @ http://localhost:3000/static/js/bundle.js:176
[  292300ms] [WARNING] [cloud-relay-host] background poll skipped Error: Electron API is not available
    at requireApi (http://localhost:3000/static/js/bundle.js:21134:62)
    at getRuntimeConfig (http://localhost:3000/static/js/bundle.js:21138:10)
    at runHostCloudLoop (http://localhost:3000/static/js/bundle.js:172:110) @ http://localhost:3000/static/js/bundle.js:176
[  352307ms] [WARNING] [cloud-relay-host] background poll skipped Error: Electron API is not available
    at requireApi (http://localhost:3000/static/js/bundle.js:21134:62)
    at getRuntimeConfig (http://localhost:3000/static/js/bundle.js:21138:10)
    at runHostCloudLoop (http://localhost:3000/static/js/bundle.js:172:110) @ http://localhost:3000/static/js/bundle.js:176
