[    1213ms] [INFO] %cDownload the React DevTools for a better development experience: https://reactjs.org/link/react-devtools font-weight:bold @ http://localhost:3000/static/js/bundle.js:157094
[    1674ms] [WARNING] [cloud-relay-host] background poll skipped Error: Electron API is not available
    at requireApi (http://localhost:3000/static/js/bundle.js:21134:62)
    at getRuntimeConfig (http://localhost:3000/static/js/bundle.js:21138:10)
    at runHostCloudLoop (http://localhost:3000/static/js/bundle.js:172:110)
    at http://localhost:3000/static/js/bundle.js:180:5
    at commitHookEffectListMount (http://localhost:3000/static/js/bundle.js:151389:30)
    at commitPassiveMountOnFiber (http://localhost:3000/static/js/bundle.js:152882:17)
    at commitPassiveMountEffects_complete (http://localhost:3000/static/js/bundle.js:152854:13)
    at commitPassiveMountEffects_begin (http://localhost:3000/static/js/bundle.js:152844:11)
    at commitPassiveMountEffects (http://localhost:3000/static/js/bundle.js:152834:7)
    at flushPassiveEffectsImpl (http://localhost:3000/static/js/bundle.js:154717:7) @ http://localhost:3000/static/js/bundle.js:176
[    1674ms] [LOG] Database service loaded successfully @ http://localhost:3000/static/js/bundle.js:157
[    4292ms] [ERROR] Failed to load resource: net::ERR_CONNECTION_REFUSED @ http://localhost:3001/api/question-bank/questions?limit=1000:0
[    8121ms] [ERROR] Failed to load resource: net::ERR_CONNECTION_REFUSED @ http://localhost:3001/api/question-bank/questions?limit=500:0
[   11191ms] [INFO] %cDownload the React DevTools for a better development experience: https://reactjs.org/link/react-devtools font-weight:bold @ http://localhost:3000/static/js/bundle.js:157094
[   11528ms] [WARNING] [cloud-relay-host] background poll skipped Error: Electron API is not available
    at requireApi (http://localhost:3000/static/js/bundle.js:21134:62)
    at getRuntimeConfig (http://localhost:3000/static/js/bundle.js:21138:10)
    at runHostCloudLoop (http://localhost:3000/static/js/bundle.js:172:110)
    at http://localhost:3000/static/js/bundle.js:180:5
    at commitHookEffectListMount (http://localhost:3000/static/js/bundle.js:151389:30)
    at commitPassiveMountOnFiber (http://localhost:3000/static/js/bundle.js:152882:17)
    at commitPassiveMountEffects_complete (http://localhost:3000/static/js/bundle.js:152854:13)
    at commitPassiveMountEffects_begin (http://localhost:3000/static/js/bundle.js:152844:11)
    at commitPassiveMountEffects (http://localhost:3000/static/js/bundle.js:152834:7)
    at flushPassiveEffectsImpl (http://localhost:3000/static/js/bundle.js:154717:7) @ http://localhost:3000/static/js/bundle.js:176
[   11529ms] [LOG] Database service loaded successfully @ http://localhost:3000/static/js/bundle.js:157
[   13852ms] [ERROR] Failed to load resource: net::ERR_CONNECTION_REFUSED @ http://localhost:3001/api/question-bank/questions?limit=1000:0
[   71533ms] [WARNING] [cloud-relay-host] background poll skipped Error: Electron API is not available
    at requireApi (http://localhost:3000/static/js/bundle.js:21134:62)
    at getRuntimeConfig (http://localhost:3000/static/js/bundle.js:21138:10)
    at runHostCloudLoop (http://localhost:3000/static/js/bundle.js:172:110) @ http://localhost:3000/static/js/bundle.js:176
